core_cm7.h:2229:22:SCB_EnableICache	4	static,ignoring_inline_asm
core_cm7.h:2281:22:SCB_EnableDCache	24	static,ignoring_inline_asm
core_cm7.h:2606:26:ITM_SendChar	16	static,ignoring_inline_asm
main.c:55:5:__io_putchar	16	static
main.c:73:13:LL_FillBuffer	32	static
main.c:101:6:BSP_LCD_Clear	24	static
main.c:111:13:MPU_Config	24	static
main.c:188:5:main	80	static
main.c:264:6:SystemClock_Config	232	static
main.c:338:14:SDRAM_Test	8	static
main.c:377:13:MX_CRC_Init	8	static
main.c:408:13:MX_DMA2D_Init	8	static
main.c:438:13:MX_I2C1_Init	8	static
main.c:472:13:MX_I2S1_Init	8	static
main.c:505:13:MX_JPEG_Init	8	static
main.c:519:13:MX_LTDC_Init	64	static
main.c:569:13:MX_RTC_Init	8	static
main.c:591:13:MX_SAI1_Init	8	static
main.c:625:13:MX_SDMMC1_SD_Init	4	static
main.c:653:13:MX_SPI2_Init	8	static
main.c:689:13:MX_FMC_Init	40	static
main.c:727:13:MX_GPIO_Init	64	static
main.c:801:13:BSP_SDRAM_Initialization_Sequence	40	static
main.c:865:13:Fill_Buffer	32	static
main.c:880:6:Error_Handler	8	static
