stm32f7xx_hal_msp.c:6:6:HAL_MspInit	16	static
stm32f7xx_hal_msp.c:28:6:HAL_CRC_MspInit	24	static
stm32f7xx_hal_msp.c:50:6:HAL_CRC_MspDeInit	16	static
stm32f7xx_hal_msp.c:72:6:HAL_DMA2D_MspInit	24	static
stm32f7xx_hal_msp.c:94:6:HAL_DMA2D_MspDeInit	16	static
stm32f7xx_hal_msp.c:116:6:HAL_I2C_MspInit	48	static
stm32f7xx_hal_msp.c:152:6:HAL_I2C_MspDeInit	16	static
stm32f7xx_hal_msp.c:181:6:HAL_I2S_MspInit	48	static
stm32f7xx_hal_msp.c:226:6:HAL_I2S_MspDeInit	16	static
stm32f7xx_hal_msp.c:258:6:HAL_JPEG_MspInit	24	static
stm32f7xx_hal_msp.c:280:6:HAL_JPEG_MspDeInit	16	static
stm32f7xx_hal_msp.c:302:6:HAL_LTDC_MspInit	64	static
stm32f7xx_hal_msp.c:398:6:HAL_LTDC_MspDeInit	16	static
stm32f7xx_hal_msp.c:473:6:HAL_RTC_MspInit	16	static
stm32f7xx_hal_msp.c:488:6:HAL_RTC_MspDeInit	16	static
stm32f7xx_hal_msp.c:503:6:HAL_SD_MspInit	48	static
stm32f7xx_hal_msp.c:546:6:HAL_SD_MspDeInit	16	static
stm32f7xx_hal_msp.c:574:6:HAL_SPI_MspInit	48	static
stm32f7xx_hal_msp.c:611:6:HAL_SPI_MspDeInit	16	static
stm32f7xx_hal_msp.c:631:13:HAL_FMC_MspInit	32	static
stm32f7xx_hal_msp.c:733:6:HAL_SDRAM_MspInit	16	static
stm32f7xx_hal_msp.c:740:13:HAL_FMC_MspDeInit	8	static
stm32f7xx_hal_msp.c:811:6:HAL_SDRAM_MspDeInit	16	static
stm32f7xx_hal_msp.c:818:6:HAL_SAI_MspInit	40	static
stm32f7xx_hal_msp.c:844:6:HAL_SAI_MspDeInit	16	static
