stm32f7xx_it.c:18:6:NMI_Handler	4	static
stm32f7xx_it.c:26:6:HardFault_Handler	4	static
stm32f7xx_it.c:38:6:MemManage_Handler	4	static
stm32f7xx_it.c:50:6:BusFault_Handler	4	static
stm32f7xx_it.c:62:6:UsageFault_Handler	4	static
stm32f7xx_it.c:74:6:SVC_Handler	4	static
stm32f7xx_it.c:82:6:DebugMon_Handler	4	static
stm32f7xx_it.c:90:6:PendSV_Handler	4	static
stm32f7xx_it.c:98:6:SysTick_Handler	8	static
stm32f7xx_it.c:113:6:OTG_FS_IRQHandler	8	static
stm32f7xx_it.c:121:6:LTDC_IRQHandler	8	static
stm32f7xx_it.c:129:6:DMA2D_IRQHandler	8	static
stm32f7xx_it.c:134:6:QUADSPI_IRQHandler	8	static
